// Jest Snapshot v1, https://goo.gl/fbAQLP

exports[`matches snapshot 1`] = `
<DocumentFragment>
  <button
    class="Button-sc-13zys56-0 boBlpw"
  >
    Hello World!
  </button>
</DocumentFragment>
`;
