// Jest Snapshot v1, https://goo.gl/fbAQLP

exports[`PageHeaderStyle should render PageHeaderStyle snapshot 1`] = `
<DocumentFragment>
  <div
    class="mt-8
flex
flex-col"
  >
    <h1
      class="mb-6 text-xl font-semibold"
    >
      1. Hero Type
    </h1>
    <div
      class="PageStyledElements__HeaderTypeWrapper-sc-22axxi-1 jEqsgn"
    >
      <button
        class="PageButtons__HeaderTypeBtn-l92eit-0 dVrsyA"
        data-headertype="headerTypeOne"
        type="button"
        value="headerTypeOne"
      >
        Header Type 1
      </button>
      <button
        class="PageButtons__HeaderTypeBtn-l92eit-0 eNgtBH"
        data-headertype="headerTypeTwo"
        type="button"
        value="headerTypeTwo"
      >
        Header Type 2
      </button>
      <button
        class="PageButtons__HeaderTypeBtn-l92eit-0 eNgtBH"
        data-headertype="headerTypeThree"
        type="button"
        value="headerTypeThree"
      >
        Header Type 3
      </button>
      <button
        class="PageButtons__HeaderTypeBtn-l92eit-0 eNgtBH"
        data-headertype="headerTypeFour"
        type="button"
        value="headerTypeFour"
      >
        Header Type 4
      </button>
    </div>
    <h1
      class="mt-6 text-xl font-semibold"
    >
      Media Image
    </h1>
    <div
      class="PageStyledElements__ImageSelectBox-sc-22axxi-2 iJFudf mt-5 w-96 flex items-center justify-center cursor-pointer"
    >
      <p>
        + Select from media gallery
      </p>
    </div>
  </div>
</DocumentFragment>
`;
